&parser.Bazaar{
  Package: &parser.PackageDecl{
    Domain: []string{
      "maps",
    },
  },
  Decls: []*parser.TopLevelDecl{
    {
      Data: &parser.DataDecl{
        Name: "MapFields",
        Members: []*parser.MemberDecl{
          {
            Field: &parser.FieldDecl{
              Name: "empty",
              Type: &parser.TypeDecl{
                Map: &parser.MapTypeDecl{
                  Key: parser.TypeDecl{
                    Value: &"string",
                  },
                  Value: parser.TypeDecl{
                    Value: &"int",
                  },
                },
              },
              Default: &parser.Expr{
                Unary: &parser.UnaryExpr{
                  Primary: &parser.PrimaryExpr{
                    Literal: &parser.Literal{
                      Map: &parser.MapLiteral{
                      },
                    },
                  },
                },
              },
            },
          },
        },
      },
    },
  },
}
