&parser.Bazaar{
  Package: &parser.PackageDecl{
    Domain: []string{
      "strings",
    },
  },
  Decls: []*parser.TopLevelDecl{
    {
      Data: &parser.DataDecl{
        Name: "Messages",
        Members: []*parser.MemberDecl{
          {
            Field: &parser.FieldDecl{
              Name: "answer",
              Type: &parser.TypeDecl{
                Value: &"string",
              },
              Default: &parser.Expr{
                Unary: &parser.UnaryExpr{
                  Primary: &parser.PrimaryExpr{
                    Literal: &parser.Literal{
                      String: &parser.String{
                        Fragments: []*parser.StringFragment{
                          {
                            Text: &"The answer is ",
                          },
                          {
                            Expr: &parser.Expr{
                              Unary: &parser.UnaryExpr{
                                Primary: &parser.PrimaryExpr{
                                  Literal: &parser.Literal{
                                    Number: &"42",
                                  },
                                },
                              },
                            },
                          },
                        },
                      },
                    },
                  },
                },
              },
            },
          },
          {
            Field: &parser.FieldDecl{
              Name: "escaped",
              Type: &parser.TypeDecl{
                Value: &"string",
              },
              Default: &parser.Expr{
                Unary: &parser.UnaryExpr{
                  Primary: &parser.PrimaryExpr{
                    Literal: &parser.Literal{
                      String: &parser.String{
                        Fragments: []*parser.StringFragment{
                          {
                            Esc: &"\\\"",
                          },
                        },
                      },
                    },
                  },
                },
              },
            },
          },
        },
      },
    },
    {
      Function: &parser.FunctionDecl{
        Name: "Strings",
      },
    },
  },
}
